INFO - message
INFO - message
INFO - message
INFO - message
INFO - message
INFO - message
INFO - message
INFO - message
INFO - message
INFO - message
INFO - message
INFO - message
INFO - message
INFO - message
INFO - message
INFO - message
INFO - message
INFO - message
INFO - message
INFO - message
INFO - message
INFO - message
INFO - message
