[2016-02-10T07:28:40.510Z] TRACE: aclientreq/23280 on danger0.local: request sent
    GET /--ping HTTP/1.1
[2016-02-10T07:28:41.419Z] TRACE: aclientreq/23280 on danger0.local: Response received
    HTTP/1.1 200 OK
    request-id: e8a5a700-cfc7-11e5-a3dc-3b85d20f26ef
    content-type: application/json
