[2018-12-04T00:00:03.114Z]  INFO: muskie/HttpServer/84416 on ffeacff6-a36d-4ac7-8f80-fc8e21bcf944 (/opt/smartdc/muskie/lib/audit.js:328 in audit): handled: 302 (audit=true, _audit=true, operation=get100, remotePort=57919, reqHeaderLength=49, latency=1, route=get100, err=false)
[2018-12-04T00:00:03.114Z]  INFO: muskie/HttpServer/84416 on ffeacff6-a36d-4ac7-8f80-fc8e21bcf944 (/opt/smartdc/muskie/lib/audit.js:328 in audit): handled: 302 (audit=true, _audit=true, operation=get100, remotePort=57919, reqHeaderLength=49, latency=1, route=get100, err=true)
[2018-12-04T00:00:03.114Z]  INFO: muskie/HttpServer/84416 on ffeacff6-a36d-4ac7-8f80-fc8e21bcf944 (/opt/smartdc/muskie/lib/audit.js:328 in audit): handled: 302 (audit=true, _audit=true, operation=get100, remotePort=57919, reqHeaderLength=49, latency=1, route=get100, err=null)
[2018-12-04T00:00:03.114Z]  INFO: muskie/HttpServer/84416 on ffeacff6-a36d-4ac7-8f80-fc8e21bcf944 (/opt/smartdc/muskie/lib/audit.js:328 in audit): handled: 302 (audit=true, _audit=true, operation=get100, remotePort=57919, reqHeaderLength=49, latency=1, route=get100, err="some string")
[2018-12-04T00:00:03.114Z]  INFO: muskie/HttpServer/84416 on ffeacff6-a36d-4ac7-8f80-fc8e21bcf944 (/opt/smartdc/muskie/lib/audit.js:328 in audit): handled: 302 (audit=true, _audit=true, operation=get100, remotePort=57919, reqHeaderLength=49, latency=1, route=get100)
    err: [
      "one",
      "two"
    ]
