{
  name: 'muskie',
  hostname: 'ffeacff6-a36d-4ac7-8f80-fc8e21bcf944',
  pid: 84416,
  component: 'HttpServer',
  audit: true,
  level: 30,
  _audit: true,
  operation: 'get100',
  remotePort: 57919,
  reqHeaderLength: 49,
  err: false,
  latency: 1,
  route: 'get100',
  msg: 'handled: 302',
  time: '2018-12-04T00:00:03.114Z',
  src: {
    file: '/opt/smartdc/muskie/lib/audit.js',
    line: 328,
    func: 'audit'
  },
  v: 0
}
{
  name: 'muskie',
  hostname: 'ffeacff6-a36d-4ac7-8f80-fc8e21bcf944',
  pid: 84416,
  component: 'HttpServer',
  audit: true,
  level: 30,
  _audit: true,
  operation: 'get100',
  remotePort: 57919,
  reqHeaderLength: 49,
  err: true,
  latency: 1,
  route: 'get100',
  msg: 'handled: 302',
  time: '2018-12-04T00:00:03.114Z',
  src: {
    file: '/opt/smartdc/muskie/lib/audit.js',
    line: 328,
    func: 'audit'
  },
  v: 0
}
{
  name: 'muskie',
  hostname: 'ffeacff6-a36d-4ac7-8f80-fc8e21bcf944',
  pid: 84416,
  component: 'HttpServer',
  audit: true,
  level: 30,
  _audit: true,
  operation: 'get100',
  remotePort: 57919,
  reqHeaderLength: 49,
  err: null,
  latency: 1,
  route: 'get100',
  msg: 'handled: 302',
  time: '2018-12-04T00:00:03.114Z',
  src: {
    file: '/opt/smartdc/muskie/lib/audit.js',
    line: 328,
    func: 'audit'
  },
  v: 0
}
{
  name: 'muskie',
  hostname: 'ffeacff6-a36d-4ac7-8f80-fc8e21bcf944',
  pid: 84416,
  component: 'HttpServer',
  audit: true,
  level: 30,
  _audit: true,
  operation: 'get100',
  remotePort: 57919,
  reqHeaderLength: 49,
  err: 'some string',
  latency: 1,
  route: 'get100',
  msg: 'handled: 302',
  time: '2018-12-04T00:00:03.114Z',
  src: {
    file: '/opt/smartdc/muskie/lib/audit.js',
    line: 328,
    func: 'audit'
  },
  v: 0
}
{
  name: 'muskie',
  hostname: 'ffeacff6-a36d-4ac7-8f80-fc8e21bcf944',
  pid: 84416,
  component: 'HttpServer',
  audit: true,
  level: 30,
  _audit: true,
  operation: 'get100',
  remotePort: 57919,
  reqHeaderLength: 49,
  err: [ 'one', 'two' ],
  latency: 1,
  route: 'get100',
  msg: 'handled: 302',
  time: '2018-12-04T00:00:03.114Z',
  src: {
    file: '/opt/smartdc/muskie/lib/audit.js',
    line: 328,
    func: 'audit'
  },
  v: 0
}
{
  name: 'muskie',
  hostname: 'ffeacff6-a36d-4ac7-8f80-fc8e21bcf944',
  pid: 84416,
  component: 'HttpServer',
  audit: true,
  level: 30,
  _audit: true,
  operation: 'get100',
  remotePort: 57919,
  reqHeaderLength: 49,
  err: [ 'one', 'two' ],
  req: {
    method: 'GET',
    url: '/',
    headers: {
      host: 'manta.us-east.scloud.host',
      connection: 'keep-alive'
    },
    httpVersion: '1.1',
    caller: {
      login: null,
      uuid: null,
      groups: null,
      user: null
    },
    timers: {
      redirect: 531
    }
  },
  resHeaderLength: 119,
  res: {
    statusCode: 302,
    headers: {
      content-length: 0,
      connection: 'keep-alive',
      date: 'Tue, 04 Dec 2018 00:00:03 GMT',
      location: 'http://apidocs.joyent.com/manta/',
      server: 'Manta'
    }
  },
  latency: 1,
  route: 'get100',
  msg: 'handled: 302',
  time: '2018-12-04T00:00:03.114Z',
  src: {
    file: '/opt/smartdc/muskie/lib/audit.js',
    line: 328,
    func: 'audit'
  },
  v: 0
}
