{
  name: 'res-header',
  hostname: 'danger0.local',
  pid: 76488,
  level: 30,
  res: {
    statusCode: 200,
    header: 'HTTP/1.1 200 OK\r\n' +
      'Foo: bar\r\n' +
      'Date: Wed, 02 Aug 2017 22:37:34 GMT\r\n' +
      'Connection: keep-alive\r\n' +
      'Content-Length: 21\r\n' +
      '\r\n'
  },
  msg: 'response sent',
  time: '2017-08-02T22:37:34.798Z',
  v: 0
}
