[2014-04-23T13:11:53.644Z]  INFO: wgaf/38947 on vmac.local: finished
    HTTP/1.1 201 Created
    connection: close
    access-control-allow-origin: *
    access-control-allow-headers: Accept, Accept-Version, Content-Length, Content-MD5, Content-Type, Date, Api-Version, Response-Time
    access-control-allow-methods: POST
    access-control-expose-headers: Api-Version, Request-Id, Response-Time
    date: Wed, 23 Apr 2014 13:11:53 GMT
    server: wgaf
    request-id: d6cfe8a0-cae8-11e3-9f88-ff29f9d02103
    response-time: 7
